[templates.iqonic.design/vizion/chatbot/index.html]
[backblue.gif]
[fade.gif]
[index.html]
[templates.iqonic.design/vizion/chatbot/images/favicon.ico]
[templates.iqonic.design/vizion/chatbot/css/bootstrap.min.css]
[templates.iqonic.design/vizion/chatbot/css/magnific-popup.css]
[templates.iqonic.design/vizion/chatbot/css/circle.css]
[templates.iqonic.design/vizion/chatbot/css/chatbot.css]
[templates.iqonic.design/vizion/chatbot/css/typography.css]
[templates.iqonic.design/vizion/chatbot/css/style.css]
[templates.iqonic.design/vizion/chatbot/css/responsive.css]
[templates.iqonic.design/vizion/chatbot/images/loader.gif]
[templates.iqonic.design/vizion/chatbot/images/logo.png]
[templates.iqonic.design/vizion/chatbot/images/logo-stiky.png]
[templates.iqonic.design/vizion/chatbot/about-us.html]
[templates.iqonic.design/vizion/chatbot/features.html]
[templates.iqonic.design/vizion/chatbot/contact-us.html]
[templates.iqonic.design/vizion/chatbot/pricing.html]
[templates.iqonic.design/vizion/chatbot/blog.html]
[templates.iqonic.design/vizion/chatbot/blog-detail.html]
[templates.iqonic.design/vizion/chatbot/feedback.html]
[templates.iqonic.design/vizion/chatbot/404-error.html]
[templates.iqonic.design/vizion/chatbot/comingsoon.html]
[templates.iqonic.design/vizion/chatbot/support.html]
[templates.iqonic.design/vizion/chatbot/privacy-policy.html]
[templates.iqonic.design/vizion/chatbot/login.html]
[templates.iqonic.design/vizion/chatbot/register.html]
[templates.iqonic.design/vizion/chatbot/images/banner/banner-img.png]
[templates.iqonic.design/vizion/chatbot/images/banner/banner-after.png]
[templates.iqonic.design/vizion/chatbot/images/works/work-bg.png]
[templates.iqonic.design/vizion/chatbot/images/works/01.gif]
[templates.iqonic.design/vizion/chatbot/images/works/works-img1.png]
[templates.iqonic.design/vizion/chatbot/images/works/02.gif]
[templates.iqonic.design/vizion/chatbot/images/about/about-img.gif]
[templates.iqonic.design/vizion/chatbot/images/blog/blog-img1.jpg]
[templates.iqonic.design/vizion/chatbot/images/blog/blog-img2.jpg]
[templates.iqonic.design/vizion/chatbot/images/clients/clients-img1.png]
[templates.iqonic.design/vizion/chatbot/images/clients/clients-img2.png]
[templates.iqonic.design/vizion/chatbot/images/clients/clients-img3.png]
[templates.iqonic.design/vizion/chatbot/images/clients/clients-img4.png]
[templates.iqonic.design/vizion/chatbot/images/clients/clients-img5.png]
[templates.iqonic.design/vizion/chatbot/images/clients/clients-img6.png]
[templates.iqonic.design/vizion/chatbot/js/jquery-3.3.1.min.js]
[templates.iqonic.design/vizion/chatbot/js/popper.min.js]
[templates.iqonic.design/vizion/chatbot/js/bootstrap.min.js]
[templates.iqonic.design/vizion/chatbot/js/owl.carousel.min.js]
[templates.iqonic.design/vizion/chatbot/js/wow.min.js]
[templates.iqonic.design/vizion/chatbot/js/app.min.js]
[templates.iqonic.design/vizion/chatbot/js/circle.js]
[templates.iqonic.design/vizion/chatbot/js/chatbot.js]
[templates.iqonic.design/vizion/chatbot/js/main.js]
[templates.iqonic.design/vizion/chatbot/js/custom.js]
[templates.iqonic.design/vizion/chatbot/index.html]
[templates.iqonic.design/vizion/chatbot/css/bootstrap.min.css]
[templates.iqonic.design/vizion/chatbot/css/magnific-popup.css]
[templates.iqonic.design/vizion/chatbot/css/circle.css]
[templates.iqonic.design/vizion/chatbot/css/chatbot.css]
[templates.iqonic.design/vizion/chatbot/css/fontawesome-all.min.css]
[templates.iqonic.design/vizion/chatbot/css/owl.carousel.css]
[templates.iqonic.design/vizion/chatbot/css/typography.css]
[templates.iqonic.design/vizion/chatbot/css/ionicons.min.css]
[templates.iqonic.design/vizion/chatbot/images/works/works-arrow1.png]
[templates.iqonic.design/vizion/chatbot/images/works/works-arrow2.png]
[templates.iqonic.design/vizion/chatbot/css/style.css]
[templates.iqonic.design/vizion/chatbot/css/responsive.css]
[templates.iqonic.design/vizion/chatbot/images/team/team-1.jpg]
[templates.iqonic.design/vizion/chatbot/images/team/team-1hover.jpg]
[templates.iqonic.design/vizion/chatbot/images/team/team-2.jpg]
[templates.iqonic.design/vizion/chatbot/images/team/team-2hover.jpg]
[templates.iqonic.design/vizion/chatbot/images/team/team-3.jpg]
[templates.iqonic.design/vizion/chatbot/images/team/team-3hover.jpg]
[templates.iqonic.design/vizion/chatbot/images/team/team-4.jpg]
[templates.iqonic.design/vizion/chatbot/images/team/team-4hover.jpg]
[templates.iqonic.design/vizion/chatbot/about-us.html]
[templates.iqonic.design/vizion/chatbot/images/works/screen-1.png]
[templates.iqonic.design/vizion/chatbot/features.html]
[www.google.com/recaptcha/api.js]
[templates.iqonic.design/vizion/chatbot/contact-us.html]
[templates.iqonic.design/vizion/chatbot/pricing.html]
[templates.iqonic.design/vizion/chatbot/images/blog/blog-img3.jpg]
[templates.iqonic.design/vizion/chatbot/images/blog/blog-img4.jpg]
[templates.iqonic.design/vizion/chatbot/images/blog/blog-img5.jpg]
[templates.iqonic.design/vizion/chatbot/images/blog/blog-img6.jpg]
[templates.iqonic.design/vizion/chatbot/blog.html]
[templates.iqonic.design/vizion/chatbot/images/blog/blog-detail/01.jpg]
[templates.iqonic.design/vizion/chatbot/images/blog/blog-detail/02.jpg]
[templates.iqonic.design/vizion/chatbot/images/blog/blog-detail/03.jpg]
[templates.iqonic.design/vizion/chatbot/images/blog/blog-detail/04.jpg]
[templates.iqonic.design/vizion/chatbot/images/blog/blog-detail/05.jpg]
[templates.iqonic.design/vizion/chatbot/images/blog/blog-img7.jpg]
[templates.iqonic.design/vizion/chatbot/images/blog/comment/01.jpg]
[templates.iqonic.design/vizion/chatbot/images/blog/comment/02.jpg]
[templates.iqonic.design/vizion/chatbot/images/blog/comment/03.jpg]
[templates.iqonic.design/vizion/chatbot/images/blog/comment/04.jpg]
[templates.iqonic.design/vizion/chatbot/blog-detail.html]
[templates.iqonic.design/vizion/chatbot/images/feedback/feedback-img1.png]
[templates.iqonic.design/vizion/chatbot/images/feedback/feedback-img2.png]
[templates.iqonic.design/vizion/chatbot/feedback.html]
[templates.iqonic.design/vizion/chatbot/images/error-404.png]
[templates.iqonic.design/vizion/chatbot/404-error.html]
[templates.iqonic.design/vizion/chatbot/comingsoon.html]
[templates.iqonic.design/vizion/chatbot/support.html]
[templates.iqonic.design/vizion/chatbot/privacy-policy.html]
[templates.iqonic.design/vizion/chatbot/login.html]
[templates.iqonic.design/vizion/chatbot/register.html]
[templates.iqonic.design/vizion/chatbot/+0123456789.html]
[templates.iqonic.design/vizion/chatbot/fonts/fa-brands-400.eot]
[templates.iqonic.design/vizion/chatbot/fonts/fa-brands-400d41d.eot]
[templates.iqonic.design/vizion/chatbot/fonts/fa-brands-400.woff2]
[templates.iqonic.design/vizion/chatbot/fonts/fa-brands-400.woff]
[templates.iqonic.design/vizion/chatbot/fonts/fa-brands-400.ttf]
[templates.iqonic.design/vizion/chatbot/fonts/fa-regular-400.eot]
[templates.iqonic.design/vizion/chatbot/fonts/fa-regular-400d41d.eot]
[templates.iqonic.design/vizion/chatbot/fonts/fa-regular-400.woff2]
[templates.iqonic.design/vizion/chatbot/fonts/fa-regular-400.woff]
[templates.iqonic.design/vizion/chatbot/fonts/fa-regular-400.ttf]
[templates.iqonic.design/vizion/chatbot/fonts/fa-solid-900.eot]
[templates.iqonic.design/vizion/chatbot/fonts/fa-solid-900d41d.eot]
[templates.iqonic.design/vizion/chatbot/fonts/fa-solid-900.woff2]
[templates.iqonic.design/vizion/chatbot/fonts/fa-solid-900.woff]
[templates.iqonic.design/vizion/chatbot/fonts/fa-solid-900.ttf]
[templates.iqonic.design/vizion/chatbot/css/fontawesome-all.min.css]
[templates.iqonic.design/vizion/chatbot/css/owl.carousel.css]
[templates.iqonic.design/vizion/chatbot/fonts/ionicons28b5.eot]
[templates.iqonic.design/vizion/chatbot/fonts/ionicons28b5.ttf]
[templates.iqonic.design/vizion/chatbot/fonts/ionicons28b5.woff]
[templates.iqonic.design/vizion/chatbot/css/ionicons.min.css]
[templates.iqonic.design/vizion/chatbot/images/bg/01.html]
[templates.iqonic.design/vizion/chatbot/feadback.html]
[templates.iqonic.design/vizion/chatbot/fonts/fa-brands-400.svg]
[templates.iqonic.design/vizion/chatbot/fonts/fa-regular-400.svg]
[templates.iqonic.design/vizion/chatbot/fonts/fa-solid-900.svg]
[templates.iqonic.design/vizion/chatbot/css/owl.video.play.html]
[templates.iqonic.design/vizion/chatbot/fonts/ionicons28b5.svg]
