[templates.iqonic.design/vizion/data-analysis/index.html]
[backblue.gif]
[fade.gif]
[index.html]
[templates.iqonic.design/vizion/data-analysis/images/favicon.ico]
[templates.iqonic.design/vizion/data-analysis/css/bootstrap.min.css]
[templates.iqonic.design/vizion/data-analysis/css/magnific-popup.css]
[templates.iqonic.design/vizion/data-analysis/css/typography.css]
[templates.iqonic.design/vizion/data-analysis/css/style.css]
[templates.iqonic.design/vizion/data-analysis/css/responsive.css]
[templates.iqonic.design/vizion/data-analysis/images/loader.gif]
[templates.iqonic.design/vizion/data-analysis/images/logo.png]
[templates.iqonic.design/vizion/data-analysis/images/logo-white.png]
[templates.iqonic.design/vizion/data-analysis/about-us.html]
[templates.iqonic.design/vizion/data-analysis/features.html]
[templates.iqonic.design/vizion/data-analysis/contact.html]
[templates.iqonic.design/vizion/data-analysis/login.html]
[templates.iqonic.design/vizion/data-analysis/register.html]
[templates.iqonic.design/vizion/data-analysis/pricing.html]
[templates.iqonic.design/vizion/data-analysis/blog.html]
[templates.iqonic.design/vizion/data-analysis/blog-details.html]
[templates.iqonic.design/vizion/data-analysis/feedback.html]
[templates.iqonic.design/vizion/data-analysis/404-error.html]
[templates.iqonic.design/vizion/data-analysis/comingsoon.html]
[templates.iqonic.design/vizion/data-analysis/privacy-policy.html]
[templates.iqonic.design/vizion/data-analysis/images/banner/02.png]
[templates.iqonic.design/vizion/data-analysis/images/banner/03.png]
[templates.iqonic.design/vizion/data-analysis/images/bg/01.png]
[templates.iqonic.design/vizion/data-analysis/images/demo/01.png]
[templates.iqonic.design/vizion/data-analysis/images/demo/02.png]
[templates.iqonic.design/vizion/data-analysis/images/demo/03.png]
[templates.iqonic.design/vizion/data-analysis/images/feature/asset-10.png]
[templates.iqonic.design/vizion/data-analysis/images/bg/04.jpg]
[templates.iqonic.design/vizion/data-analysis/images/bg/05.jpg]
[templates.iqonic.design/vizion/data-analysis/images/bg/06.jpg]
[templates.iqonic.design/vizion/data-analysis/images/device/02.png]
[templates.iqonic.design/vizion/data-analysis/video/01.mp4]
[templates.iqonic.design/vizion/data-analysis/images/blog/blog-img1.jpg]
[templates.iqonic.design/vizion/data-analysis/images/blog/blog-img3.jpg]
[templates.iqonic.design/vizion/data-analysis/images/blog/blog-img4.jpg]
[templates.iqonic.design/vizion/data-analysis/images/clients/clients-img1.png]
[templates.iqonic.design/vizion/data-analysis/images/clients/clients-img2.png]
[templates.iqonic.design/vizion/data-analysis/images/clients/clients-img3.png]
[templates.iqonic.design/vizion/data-analysis/images/clients/clients-img4.png]
[templates.iqonic.design/vizion/data-analysis/images/clients/clients-img5.png]
[templates.iqonic.design/vizion/data-analysis/images/clients/clients-img6.png]
[templates.iqonic.design/vizion/data-analysis/js/jquery-3.3.1.min.js]
[templates.iqonic.design/vizion/data-analysis/js/popper.min.js]
[templates.iqonic.design/vizion/data-analysis/js/bootstrap.min.js]
[templates.iqonic.design/vizion/data-analysis/js/chatbot.js]
[templates.iqonic.design/vizion/data-analysis/js/countdown.js]
[templates.iqonic.design/vizion/data-analysis/js/jquery.magnific-popup.min.js]
[templates.iqonic.design/vizion/data-analysis/js/owl.carousel.min.js]
[templates.iqonic.design/vizion/data-analysis/js/wow.min.js]
[templates.iqonic.design/vizion/data-analysis/js/counto.js]
[templates.iqonic.design/vizion/data-analysis/index.html]
[templates.iqonic.design/vizion/data-analysis/js/custom.js]
[templates.iqonic.design/vizion/data-analysis/css/bootstrap.min.css]
[templates.iqonic.design/vizion/data-analysis/css/magnific-popup.css]
[templates.iqonic.design/vizion/data-analysis/css/all.min.css]
[templates.iqonic.design/vizion/data-analysis/css/owl.carousel.min.css]
[templates.iqonic.design/vizion/data-analysis/css/ionicons.min.css]
[templates.iqonic.design/vizion/data-analysis/css/chatbot.css]
[templates.iqonic.design/vizion/data-analysis/css/wow.css]
[templates.iqonic.design/vizion/data-analysis/css/typography.css]
[templates.iqonic.design/vizion/data-analysis/css/style.css]
[templates.iqonic.design/vizion/data-analysis/css/responsive.css]
[templates.iqonic.design/vizion/data-analysis/images/feature/00.png]
[templates.iqonic.design/vizion/data-analysis/images/feature/01.png]
[templates.iqonic.design/vizion/data-analysis/images/blog/blog-img2.jpg]
[templates.iqonic.design/vizion/data-analysis/js/circle.js]
[templates.iqonic.design/vizion/data-analysis/js/vizion-circle.js]
[templates.iqonic.design/vizion/data-analysis/about-us.html]
[templates.iqonic.design/vizion/data-analysis/images/bg/07.png]
[templates.iqonic.design/vizion/data-analysis/images/bg/08.png]
[templates.iqonic.design/vizion/data-analysis/images/bg/09.png]
[templates.iqonic.design/vizion/data-analysis/images/bg/10.png]
[templates.iqonic.design/vizion/data-analysis/features.html]
[templates.iqonic.design/vizion/data-analysis/contact.html]
[templates.iqonic.design/vizion/data-analysis/login.html]
[templates.iqonic.design/vizion/data-analysis/register.html]
[templates.iqonic.design/vizion/data-analysis/pricing.html]
[templates.iqonic.design/vizion/data-analysis/images/blog/blog-img5.jpg]
[templates.iqonic.design/vizion/data-analysis/images/blog/blog-img6.jpg]
[templates.iqonic.design/vizion/data-analysis/blog.html]
[templates.iqonic.design/vizion/data-analysis/images/about/about-shap.png]
[templates.iqonic.design/vizion/data-analysis/images/blog/blog-detail/01.jpg]
[templates.iqonic.design/vizion/data-analysis/images/blog/blog-detail/02.jpg]
[templates.iqonic.design/vizion/data-analysis/images/blog/blog-detail/03.jpg]
[templates.iqonic.design/vizion/data-analysis/images/blog/blog-detail/04.jpg]
[templates.iqonic.design/vizion/data-analysis/images/blog/blog-detail/05.jpg]
[templates.iqonic.design/vizion/data-analysis/images/blog/blog-detail/b1.jpg]
[templates.iqonic.design/vizion/data-analysis/images/testomonial/01.jpg]
[templates.iqonic.design/vizion/data-analysis/images/testomonial/02.jpg]
[templates.iqonic.design/vizion/data-analysis/images/testomonial/03.jpg]
[templates.iqonic.design/vizion/data-analysis/images/testomonial/04.jpg]
[templates.iqonic.design/vizion/data-analysis/blog-details.html]
[templates.iqonic.design/vizion/data-analysis/images/feedback/feedback-img1.png]
[templates.iqonic.design/vizion/data-analysis/feedback.html]
[templates.iqonic.design/vizion/data-analysis/images/feedback/feedback-img2.png]
[templates.iqonic.design/vizion/data-analysis/images/error-404.png]
[templates.iqonic.design/vizion/data-analysis/404-error.html]
[templates.iqonic.design/vizion/data-analysis/comingsoon.html]
[templates.iqonic.design/vizion/data-analysis/privacy-policy.html]
[templates.iqonic.design/vizion/data-analysis/images/demo/03.html]
[templates.iqonic.design/vizion/data-analysis/fonts/fa-brands-400.eot]
[templates.iqonic.design/vizion/data-analysis/fonts/fa-brands-400d41d.eot]
[templates.iqonic.design/vizion/data-analysis/fonts/fa-brands-400.woff2]
[templates.iqonic.design/vizion/data-analysis/fonts/fa-brands-400.woff]
[templates.iqonic.design/vizion/data-analysis/fonts/fa-brands-400.ttf]
[templates.iqonic.design/vizion/data-analysis/fonts/fa-regular-400.eot]
[templates.iqonic.design/vizion/data-analysis/fonts/fa-regular-400d41d.eot]
[templates.iqonic.design/vizion/data-analysis/fonts/fa-regular-400.woff2]
[templates.iqonic.design/vizion/data-analysis/fonts/fa-regular-400.woff]
[templates.iqonic.design/vizion/data-analysis/fonts/fa-regular-400.ttf]
[templates.iqonic.design/vizion/data-analysis/fonts/fa-solid-900.eot]
[templates.iqonic.design/vizion/data-analysis/fonts/fa-solid-900d41d.eot]
[templates.iqonic.design/vizion/data-analysis/fonts/fa-solid-900.woff2]
[templates.iqonic.design/vizion/data-analysis/fonts/fa-solid-900.woff]
[templates.iqonic.design/vizion/data-analysis/fonts/fa-solid-900.ttf]
[templates.iqonic.design/vizion/data-analysis/css/all.min.css]
[templates.iqonic.design/vizion/data-analysis/css/owl.carousel.min.css]
[templates.iqonic.design/vizion/data-analysis/fonts/ionicons28b5.eot]
[templates.iqonic.design/vizion/data-analysis/fonts/ionicons28b5.ttf]
[templates.iqonic.design/vizion/data-analysis/fonts/ionicons28b5.woff]
[templates.iqonic.design/vizion/data-analysis/css/ionicons.min.css]
[templates.iqonic.design/vizion/data-analysis/css/chatbot.css]
[templates.iqonic.design/vizion/data-analysis/css/wow.css]
[templates.iqonic.design/vizion/data-analysis/fonts/fa-brands-400.svg]
[templates.iqonic.design/vizion/data-analysis/fonts/fa-regular-400.svg]
[templates.iqonic.design/vizion/data-analysis/fonts/fa-solid-900.svg]
[templates.iqonic.design/vizion/data-analysis/css/owl.video.play.html]
[templates.iqonic.design/vizion/data-analysis/fonts/ionicons28b5.svg]
