[templates.iqonic.design/vizion/finance/index.html]
[backblue.gif]
[fade.gif]
[index.html]
[templates.iqonic.design/vizion/finance/images/favicon.ico]
[templates.iqonic.design/vizion/finance/css/bootstrap.min.css]
[templates.iqonic.design/vizion/finance/revslider/css/rs6.css]
[templates.iqonic.design/vizion/finance/css/typography.css]
[templates.iqonic.design/vizion/finance/css/vizion-style.css]
[templates.iqonic.design/vizion/finance/css/responsive.css]
[templates.iqonic.design/vizion/finance/images/loader-img.png]
[templates.iqonic.design/vizion/finance/images/white-log.png]
[templates.iqonic.design/vizion/finance/images/logo.png]
[templates.iqonic.design/vizion/finance/about-us.html]
[templates.iqonic.design/vizion/finance/services.html]
[templates.iqonic.design/vizion/finance/pricing.html]
[templates.iqonic.design/vizion/finance/feedback.html]
[templates.iqonic.design/vizion/finance/team.html]
[templates.iqonic.design/vizion/finance/portfolio-2-column.html]
[templates.iqonic.design/vizion/finance/portfolio-3-column.html]
[templates.iqonic.design/vizion/finance/portfolio-4-column.html]
[templates.iqonic.design/vizion/finance/portfolio-details.html]
[templates.iqonic.design/vizion/finance/blog.html]
[templates.iqonic.design/vizion/finance/blog-details.html]
[templates.iqonic.design/vizion/finance/one-column-blog.html]
[templates.iqonic.design/vizion/finance/two-column-blog.html]
[templates.iqonic.design/vizion/finance/three-column-blog.html]
[templates.iqonic.design/vizion/finance/left-sidebar-grid.html]
[templates.iqonic.design/vizion/finance/right-sidebar-grid.html]
[templates.iqonic.design/vizion/finance/contact-us.html]
[templates.iqonic.design/vizion/finance/images/revslider/transparent.png]
[templates.iqonic.design/vizion/finance/images/revslider/curve2.png]
[templates.iqonic.design/vizion/finance/images/revslider/banner1.png]
[templates.iqonic.design/vizion/finance/images/revslider/slide2.png]
[templates.iqonic.design/vizion/finance/images/finance/01.png]
[templates.iqonic.design/vizion/finance/images/finance/02.png]
[templates.iqonic.design/vizion/finance/images/finance/03.png]
[templates.iqonic.design/vizion/finance/images/finance/04.png]
[templates.iqonic.design/vizion/finance/images/finance/05.png]
[templates.iqonic.design/vizion/finance/images/finance/06.png]
[templates.iqonic.design/vizion/finance/images/finance/07.png]
[templates.iqonic.design/vizion/finance/images/finance/08.png]
[templates.iqonic.design/vizion/finance/images/finance/09.png]
[templates.iqonic.design/vizion/finance/images/finance/10.png]
[templates.iqonic.design/vizion/finance/images/finance/11.png]
[templates.iqonic.design/vizion/finance/images/finance/12.png]
[templates.iqonic.design/vizion/finance/images/finance/13.png]
[templates.iqonic.design/vizion/finance/images/finance/14.png]
[templates.iqonic.design/vizion/finance/images/finance/15.png]
[templates.iqonic.design/vizion/finance/images/finance/16.png]
[templates.iqonic.design/vizion/finance/images/finance/17.png]
[templates.iqonic.design/vizion/finance/images/finance/18.png]
[templates.iqonic.design/vizion/finance/images/finance/19.png]
[templates.iqonic.design/vizion/finance/images/finance/20.jpg]
[templates.iqonic.design/vizion/finance/images/footer.png]
[templates.iqonic.design/vizion/finance/js/jquery-3.4.1.js]
[templates.iqonic.design/vizion/finance/js/popper.min.js]
[templates.iqonic.design/vizion/finance/js/bootstrap.min.js]
[templates.iqonic.design/vizion/finance/js/appear.js]
[templates.iqonic.design/vizion/finance/js/circle-progress.min.js]
[templates.iqonic.design/vizion/finance/js/isotope.pkgd.min.js]
[templates.iqonic.design/vizion/finance/js/jquery.countdown.min.js]
[templates.iqonic.design/vizion/finance/js/jquery.countTo.js]
[templates.iqonic.design/vizion/finance/js/jquery.magnific-popup.min.js]
[templates.iqonic.design/vizion/finance/js/owl.carousel.min.js]
[templates.iqonic.design/vizion/finance/js/vizion-custom.js]
[templates.iqonic.design/vizion/finance/js/skrollr.js]
[templates.iqonic.design/vizion/finance/js/wow.min.js]
[www.amcharts.com/lib/4/core.js]
[www.amcharts.com/lib/4/charts.js]
[www.amcharts.com/lib/4/themes/animated.js]
[templates.iqonic.design/vizion/finance/js/rev-jquery.js]
[templates.iqonic.design/vizion/finance/revslider/js/revolution.tools.min.js]
[templates.iqonic.design/vizion/finance/index.html]
[templates.iqonic.design/vizion/finance/css/bootstrap.min.css]
[templates.iqonic.design/vizion/finance/revslider/js/rs6.min.js]
[templates.iqonic.design/vizion/finance/revslider/fonts/revicons/revicons90c6.woff]
[templates.iqonic.design/vizion/finance/revslider/css/rs6.css]
[templates.iqonic.design/vizion/finance/css/all.min.css]
[templates.iqonic.design/vizion/finance/css/owl.carousel.min.css]
[templates.iqonic.design/vizion/finance/css/flaticon.css]
[templates.iqonic.design/vizion/finance/css/ionicons.min.css]
[templates.iqonic.design/vizion/finance/css/magnific-popup.css]
[templates.iqonic.design/vizion/finance/css/wow.css]
[templates.iqonic.design/vizion/finance/css/typography.css]
[templates.iqonic.design/vizion/finance/images/04.png]
[templates.iqonic.design/vizion/finance/css/vizion-style.css]
[templates.iqonic.design/vizion/finance/css/responsive.css]
[templates.iqonic.design/vizion/finance/images/16.png]
[templates.iqonic.design/vizion/finance/images/15.png]
[templates.iqonic.design/vizion/finance/images/06.png]
[templates.iqonic.design/vizion/finance/images/07.png]
[templates.iqonic.design/vizion/finance/images/08.png]
[templates.iqonic.design/vizion/finance/images/09.png]
[templates.iqonic.design/vizion/finance/images/10.png]
[templates.iqonic.design/vizion/finance/images/11.jpg]
[templates.iqonic.design/vizion/finance/images/12.jpg]
[templates.iqonic.design/vizion/finance/images/13.jpg]
[templates.iqonic.design/vizion/finance/about-us.html]
[templates.iqonic.design/vizion/finance/images/02.png]
[templates.iqonic.design/vizion/finance/images/03.png]
[templates.iqonic.design/vizion/finance/images/05.png]
[templates.iqonic.design/vizion/finance/services.html]
[templates.iqonic.design/vizion/finance/pricing.html]
[templates.iqonic.design/vizion/finance/feedback.html]
[templates.iqonic.design/vizion/finance/images/team/01.jpg]
[templates.iqonic.design/vizion/finance/images/team/02.jpg]
[templates.iqonic.design/vizion/finance/images/team/03.jpg]
[templates.iqonic.design/vizion/finance/team.html]
[templates.iqonic.design/vizion/finance/images/team/04.jpg]
[templates.iqonic.design/vizion/finance/images/portfolio/16.jpg]
[templates.iqonic.design/vizion/finance/images/portfolio/17.jpg]
[templates.iqonic.design/vizion/finance/images/portfolio/18.jpg]
[templates.iqonic.design/vizion/finance/portfolio-2-column.html]
[templates.iqonic.design/vizion/finance/portfolio-3-column.html]
[templates.iqonic.design/vizion/finance/portfolio-4-column.html]
[templates.iqonic.design/vizion/finance/images/16.jpg]
[templates.iqonic.design/vizion/finance/images/17.jpg]
[templates.iqonic.design/vizion/finance/images/14.jpg]
[templates.iqonic.design/vizion/finance/portfolio-details.html]
[templates.iqonic.design/vizion/finance/images/15.jpg]
[templates.iqonic.design/vizion/finance/blog.html]
[templates.iqonic.design/vizion/finance/blog-details.html]
[templates.iqonic.design/vizion/finance/one-column-blog.html]
[templates.iqonic.design/vizion/finance/two-column-blog.html]
[templates.iqonic.design/vizion/finance/three-column-blog.html]
[templates.iqonic.design/vizion/finance/left-sidebar-grid.html]
[templates.iqonic.design/vizion/finance/right-sidebar-grid.html]
[templates.iqonic.design/vizion/finance/contact-us.html]
[www.amcharts.com/lib/4/core.js]
[www.amcharts.com/lib/4/charts.js]
[www.amcharts.com/lib/4/themes/animated.js]
[templates.iqonic.design/vizion/finance/revslider/fonts/revicons/revicons90c6.html]
[templates.iqonic.design/vizion/finance/revslider/fonts/revicons/revicons90c6-2.html]
[templates.iqonic.design/vizion/finance/revslider/fonts/revicons/revicons90c6.svg]
[templates.iqonic.design/vizion/finance/revslider/css/openhand.html]
[templates.iqonic.design/vizion/finance/revslider/css/closedhand.html]
[templates.iqonic.design/vizion/finance/revslider/assets/gridtile.html]
[templates.iqonic.design/vizion/finance/revslider/assets/gridtile_white.html]
[templates.iqonic.design/vizion/finance/revslider/assets/gridtile_3x3.html]
[templates.iqonic.design/vizion/finance/revslider/assets/gridtile_3x3_white.html]
[templates.iqonic.design/vizion/finance/revslider/assets/coloredbg.html]
[templates.iqonic.design/vizion/finance/revslider/assets/loader.html]
[templates.iqonic.design/vizion/finance/fonts/fontawesome-webfont3e6e.eot]
[templates.iqonic.design/vizion/finance/fonts/fontawesome-webfontd41d.eot]
[templates.iqonic.design/vizion/finance/fonts/fontawesome-webfont3e6e.woff2]
[templates.iqonic.design/vizion/finance/fonts/fontawesome-webfont3e6e.woff]
[templates.iqonic.design/vizion/finance/fonts/fontawesome-webfont3e6e.ttf]
[templates.iqonic.design/vizion/finance/css/all.min.css]
[templates.iqonic.design/vizion/finance/css/owl.carousel.min.css]
[templates.iqonic.design/vizion/finance/fonts/Flaticon.eot]
[templates.iqonic.design/vizion/finance/fonts/Flaticond41d.eot]
[templates.iqonic.design/vizion/finance/fonts/Flaticon.woff2]
[templates.iqonic.design/vizion/finance/fonts/Flaticon.woff]
[templates.iqonic.design/vizion/finance/fonts/Flaticon.ttf]
[templates.iqonic.design/vizion/finance/css/flaticon.css]
[templates.iqonic.design/vizion/finance/fonts/ionicons28b5.eot]
[templates.iqonic.design/vizion/finance/fonts/ionicons28b5.ttf]
[templates.iqonic.design/vizion/finance/fonts/ionicons28b5.woff]
[templates.iqonic.design/vizion/finance/css/ionicons.min.css]
[templates.iqonic.design/vizion/finance/css/magnific-popup.css]
[templates.iqonic.design/vizion/finance/css/wow.css]
[templates.iqonic.design/vizion/finance/images/banner/02.html]
[templates.iqonic.design/vizion/finance/images/circle.html]
[templates.iqonic.design/vizion/finance/images/footerseven_bg.html]
[templates.iqonic.design/vizion/finance/images/subscribe-input.html]
[templates.iqonic.design/vizion/finance/images/subscribe-button.html]
[templates.iqonic.design/vizion/finance/images/fashion-banner-shap-top.html]
[templates.iqonic.design/vizion/finance/images/retail-03.html]
[templates.iqonic.design/vizion/finance/images/fashion-banner-shap2.html]
[templates.iqonic.design/vizion/finance/careers.html]
[templates.iqonic.design/vizion/finance/faq.html]
[templates.iqonic.design/vizion/finance/portfolio-5-column.html]
[templates.iqonic.design/vizion/finance/portfolio-no-space.html]
[templates.iqonic.design/vizion/finance/blog-deatils.html]
[templates.iqonic.design/vizion/finance/Nv8/index.html]
[templates.iqonic.design/vizion/finance/15c/index.html]
[templates.iqonic.design/vizion/finance/YRD/index.html]
[templates.iqonic.design/vizion/finance/DA7/index.html]
[templates.iqonic.design/vizion/finance/o3G/index.html]
[templates.iqonic.design/vizion/finance/ND2/index.html]
[templates.iqonic.design/vizion/finance/GET.html]
[templates.iqonic.design/vizion/finance/0KD/index.html]
[templates.iqonic.design/vizion/finance/8Cf/index.html]
[templates.iqonic.design/vizion/finance/3XS/index.html]
[templates.iqonic.design/vizion/finance/LV/index.html]
[templates.iqonic.design/vizion/finance/kZk/index.html]
[templates.iqonic.design/vizion/finance/+Z4/index.html]
[templates.iqonic.design/vizion/finance/Y/c/index.html]
[templates.iqonic.design/vizion/finance/fonts/fontawesome-webfont3e6e.svg]
[templates.iqonic.design/vizion/finance/css/owl.video.play.html]
[templates.iqonic.design/vizion/finance/fonts/Flaticon.svg]
[templates.iqonic.design/vizion/finance/flaticon/collection2/Flaticon.html]
[templates.iqonic.design/vizion/finance/flaticon/collection2/Flaticond41d.html]
[templates.iqonic.design/vizion/finance/flaticon/collection2/Flaticon-2.html]
[templates.iqonic.design/vizion/finance/flaticon/collection2/Flaticon-3.html]
[templates.iqonic.design/vizion/finance/flaticon/collection2/Flaticon-4.html]
[templates.iqonic.design/vizion/finance/flaticon/collection2/Flaticon-5.html]
[templates.iqonic.design/vizion/finance/flaticon/collection3/Flaticon.html]
[templates.iqonic.design/vizion/finance/flaticon/collection3/Flaticond41d.html]
[templates.iqonic.design/vizion/finance/flaticon/collection3/Flaticon-2.html]
[templates.iqonic.design/vizion/finance/flaticon/collection3/Flaticon-3.html]
[templates.iqonic.design/vizion/finance/flaticon/collection3/Flaticon-4.html]
[templates.iqonic.design/vizion/finance/flaticon/collection3/Flaticon-5.html]
[templates.iqonic.design/vizion/finance/fonts/ionicons28b5.svg]
