[templates.iqonic.design/vizion/security/index.html]
[backblue.gif]
[fade.gif]
[index.html]
[templates.iqonic.design/vizion/security/images/favicon.ico]
[templates.iqonic.design/vizion/security/css/bootstrap.min.css]
[templates.iqonic.design/vizion/security/revslider/css/settings.css]
[templates.iqonic.design/vizion/security/css/typography.css]
[templates.iqonic.design/vizion/security/css/style.css]
[templates.iqonic.design/vizion/security/css/responsive.css]
[templates.iqonic.design/vizion/security/images/loader.gif]
[templates.iqonic.design/vizion/security/images/logo.png]
[templates.iqonic.design/vizion/security/solution.html]
[templates.iqonic.design/vizion/security/product.html]
[templates.iqonic.design/vizion/security/about-us.html]
[templates.iqonic.design/vizion/security/all-blog-grid.html]
[templates.iqonic.design/vizion/security/all-blog-list.html]
[templates.iqonic.design/vizion/security/blog-grid-left-sidebar.html]
[templates.iqonic.design/vizion/security/blog-grid-right-sidebar.html]
[templates.iqonic.design/vizion/security/blog-list-left-sidebar.html]
[templates.iqonic.design/vizion/security/blog-list-right-sidebar.html]
[templates.iqonic.design/vizion/security/blog-details-left-sidebar.html]
[templates.iqonic.design/vizion/security/blog-details-right-sidebar.html]
[templates.iqonic.design/vizion/security/partners.html]
[templates.iqonic.design/vizion/security/contact-us.html]
[templates.iqonic.design/vizion/security/404-error.html]
[templates.iqonic.design/vizion/security/comingsoon.html]
[templates.iqonic.design/vizion/security/login.html]
[templates.iqonic.design/vizion/security/register.html]
[templates.iqonic.design/vizion/security/privacy-policy.html]
[templates.iqonic.design/vizion/security/revslider/assets/5e86b-shap.png]
[templates.iqonic.design/vizion/security/revslider/assets/b36bd-03.png]
[templates.iqonic.design/vizion/security/revslider/assets/b174f-01.png]
[templates.iqonic.design/vizion/security/revslider/assets/b174a-02.png]
[templates.iqonic.design/vizion/security/images/challenges/01.png]
[templates.iqonic.design/vizion/security/images/challenges/02.png]
[templates.iqonic.design/vizion/security/images/challenges/03.png]
[templates.iqonic.design/vizion/security/images/about/01.png]
[templates.iqonic.design/vizion/security/images/feature/01.png]
[templates.iqonic.design/vizion/security/images/bg/01.png]
[templates.iqonic.design/vizion/security/images/bg/02.png]
[templates.iqonic.design/vizion/security/images/feature/02.png]
[templates.iqonic.design/vizion/security/images/partner/01.png]
[templates.iqonic.design/vizion/security/images/partner/02.png]
[templates.iqonic.design/vizion/security/images/partner/03.png]
[templates.iqonic.design/vizion/security/images/partner/04.png]
[templates.iqonic.design/vizion/security/images/testimonial/01.jpg]
[templates.iqonic.design/vizion/security/images/testimonial/02.jpg]
[templates.iqonic.design/vizion/security/images/testimonial/03.jpg]
[templates.iqonic.design/vizion/security/images/testimonial/04.jpg]
[templates.iqonic.design/vizion/security/images/blog/blog-img1.jpg]
[templates.iqonic.design/vizion/security/images/blog/clients/01.jpg]
[templates.iqonic.design/vizion/security/images/blog/blog-img2.jpg]
[templates.iqonic.design/vizion/security/images/blog/clients/02.jpg]
[templates.iqonic.design/vizion/security/images/blog/blog-img3.jpg]
[templates.iqonic.design/vizion/security/images/blog/clients/03.jpg]
[templates.iqonic.design/vizion/security/images/blog/clients/04.jpg]
[templates.iqonic.design/vizion/security/images/bg/footer-logo.png]
[templates.iqonic.design/vizion/security/js/jquery-3.3.1.min.js]
[templates.iqonic.design/vizion/security/js/popper.min.js]
[templates.iqonic.design/vizion/security/js/bootstrap.min.js]
[templates.iqonic.design/vizion/security/js/owl.carousel.min.js]
[templates.iqonic.design/vizion/security/js/main.js]
[templates.iqonic.design/vizion/security/revslider/js/jquery.themepunch.tools.min.js]
[templates.iqonic.design/vizion/security/revslider/js/jquery.themepunch.revolution.min.js]
[templates.iqonic.design/vizion/security/revslider/js/extensions/revolution.extension.actions.min.js]
[templates.iqonic.design/vizion/security/revslider/js/extensions/revolution.extension.carousel.min.js]
[templates.iqonic.design/vizion/security/revslider/js/extensions/revolution.extension.kenburn.min.js]
[templates.iqonic.design/vizion/security/revslider/js/extensions/revolution.extension.layeranimation.min.js]
[templates.iqonic.design/vizion/security/revslider/js/extensions/revolution.extension.migration.min.js]
[templates.iqonic.design/vizion/security/revslider/js/extensions/revolution.extension.navigation.min.js]
[templates.iqonic.design/vizion/security/revslider/js/extensions/revolution.extension.parallax.min.js]
[templates.iqonic.design/vizion/security/revslider/js/extensions/revolution.extension.slideanims.min.js]
[templates.iqonic.design/vizion/security/revslider/js/extensions/revolution.extension.video.min.js]
[templates.iqonic.design/vizion/security/js/retina.min.js]
[templates.iqonic.design/vizion/security/index.html]
[templates.iqonic.design/vizion/security/js/custom.js]
[templates.iqonic.design/vizion/security/css/bootstrap.min.css]
[templates.iqonic.design/vizion/security/revslider/fonts/revicons/revicons90c6.eot]
[templates.iqonic.design/vizion/security/revslider/fonts/revicons/revicons90c6.woff]
[templates.iqonic.design/vizion/security/revslider/fonts/revicons/revicons90c6.ttf]
[templates.iqonic.design/vizion/security/revslider/css/settings.css]
[templates.iqonic.design/vizion/security/css/all.min.css]
[templates.iqonic.design/vizion/security/css/owl.carousel.min.css]
[templates.iqonic.design/vizion/security/css/ionicons.min.css]
[templates.iqonic.design/vizion/security/css/wow.css]
[templates.iqonic.design/vizion/security/css/magnific-popup.css]
[templates.iqonic.design/vizion/security/css/flaticon.css]
[templates.iqonic.design/vizion/security/css/slick.css]
[templates.iqonic.design/vizion/security/css/typography.css]
[templates.iqonic.design/vizion/security/css/timeline.css]
[templates.iqonic.design/vizion/security/images/bg/pattern1.png]
[templates.iqonic.design/vizion/security/images/bg/pattern2.png]
[templates.iqonic.design/vizion/security/images/bg/04.png]
[templates.iqonic.design/vizion/security/images/bg/breadcrumb.png]
[templates.iqonic.design/vizion/security/images/bg/05.png]
[templates.iqonic.design/vizion/security/images/partner/bg.png]
[templates.iqonic.design/vizion/security/css/style.css]
[templates.iqonic.design/vizion/security/css/responsive.css]
[templates.iqonic.design/vizion/security/images/breadcrumb/01.png]
[templates.iqonic.design/vizion/security/solution.html]
[templates.iqonic.design/vizion/security/images/feature/03.png]
[templates.iqonic.design/vizion/security/images/feature/04.png]
[templates.iqonic.design/vizion/security/images/feature/05.png]
[templates.iqonic.design/vizion/security/product.html]
[templates.iqonic.design/vizion/security/images/about/03.png]
[templates.iqonic.design/vizion/security/images/about/04.png]
[templates.iqonic.design/vizion/security/images/about/05.png]
[templates.iqonic.design/vizion/security/images/team/01.jpg]
[templates.iqonic.design/vizion/security/images/team/02.jpg]
[templates.iqonic.design/vizion/security/images/team/03.jpg]
[templates.iqonic.design/vizion/security/about-us.html]
[templates.iqonic.design/vizion/security/all-blog-grid.html]
[templates.iqonic.design/vizion/security/all-blog-list.html]
[templates.iqonic.design/vizion/security/images/blog/blog-detail/01.jpg]
[templates.iqonic.design/vizion/security/images/blog/blog-detail/02.jpg]
[templates.iqonic.design/vizion/security/images/blog/blog-detail/03.jpg]
[templates.iqonic.design/vizion/security/images/blog/blog-detail/04.jpg]
[templates.iqonic.design/vizion/security/blog-grid-left-sidebar.html]
[templates.iqonic.design/vizion/security/blog-grid-right-sidebar.html]
[templates.iqonic.design/vizion/security/blog-list-left-sidebar.html]
[templates.iqonic.design/vizion/security/blog-list-right-sidebar.html]
[templates.iqonic.design/vizion/security/blog-details-left-sidebar.html]
[templates.iqonic.design/vizion/security/blog-details-right-sidebar.html]
[templates.iqonic.design/vizion/security/partners.html]
[templates.iqonic.design/vizion/security/contact-us.html]
[templates.iqonic.design/vizion/security/images/error-404.png]
[templates.iqonic.design/vizion/security/404-error.html]
[templates.iqonic.design/vizion/security/comingsoon.html]
[templates.iqonic.design/vizion/security/login.html]
[templates.iqonic.design/vizion/security/register.html]
[templates.iqonic.design/vizion/security/privacy-policy.html]
[templates.iqonic.design/vizion/security/contact.html]
[templates.iqonic.design/vizion/security/revslider/fonts/revicons/revicons90c6.svg]
[templates.iqonic.design/vizion/security/revslider/css/openhand.html]
[templates.iqonic.design/vizion/security/revslider/css/closedhand.html]
[templates.iqonic.design/vizion/security/revslider/assets/gridtile.html]
[templates.iqonic.design/vizion/security/revslider/assets/gridtile_white.html]
[templates.iqonic.design/vizion/security/revslider/assets/gridtile_3x3.html]
[templates.iqonic.design/vizion/security/revslider/assets/gridtile_3x3_white.html]
[templates.iqonic.design/vizion/security/revslider/assets/coloredbg.html]
[templates.iqonic.design/vizion/security/revslider/assets/loader.html]
[templates.iqonic.design/vizion/security/fonts/fa-brands-400.eot]
[templates.iqonic.design/vizion/security/fonts/fa-brands-400d41d.eot]
[templates.iqonic.design/vizion/security/fonts/fa-brands-400.woff2]
[templates.iqonic.design/vizion/security/fonts/fa-brands-400.woff]
[templates.iqonic.design/vizion/security/fonts/fa-brands-400.ttf]
[templates.iqonic.design/vizion/security/fonts/fa-regular-400.eot]
[templates.iqonic.design/vizion/security/fonts/fa-regular-400d41d.eot]
[templates.iqonic.design/vizion/security/fonts/fa-regular-400.woff2]
[templates.iqonic.design/vizion/security/fonts/fa-regular-400.woff]
[templates.iqonic.design/vizion/security/fonts/fa-regular-400.ttf]
[templates.iqonic.design/vizion/security/fonts/fa-solid-900.eot]
[templates.iqonic.design/vizion/security/fonts/fa-solid-900d41d.eot]
[templates.iqonic.design/vizion/security/fonts/fa-solid-900.woff2]
[templates.iqonic.design/vizion/security/fonts/fa-solid-900.woff]
[templates.iqonic.design/vizion/security/fonts/fa-solid-900.ttf]
[templates.iqonic.design/vizion/security/css/all.min.css]
[templates.iqonic.design/vizion/security/css/owl.carousel.min.css]
[templates.iqonic.design/vizion/security/fonts/ionicons28b5.eot]
[templates.iqonic.design/vizion/security/fonts/ionicons28b5.ttf]
[templates.iqonic.design/vizion/security/fonts/ionicons28b5.woff]
[templates.iqonic.design/vizion/security/css/ionicons.min.css]
[templates.iqonic.design/vizion/security/css/wow.css]
[templates.iqonic.design/vizion/security/css/magnific-popup.css]
[templates.iqonic.design/vizion/security/fonts/Flaticon.eot]
[templates.iqonic.design/vizion/security/fonts/Flaticond41d.eot]
[templates.iqonic.design/vizion/security/fonts/Flaticon.woff2]
[templates.iqonic.design/vizion/security/fonts/Flaticon.woff]
[templates.iqonic.design/vizion/security/fonts/Flaticon.ttf]
[templates.iqonic.design/vizion/security/css/flaticon.css]
[templates.iqonic.design/vizion/security/css/slick.css]
[templates.iqonic.design/vizion/security/css/timeline.css]
[templates.iqonic.design/vizion/security/images/banner/shap.html]
[templates.iqonic.design/vizion/security/fonts/fa-brands-400.svg]
[templates.iqonic.design/vizion/security/fonts/fa-regular-400.svg]
[templates.iqonic.design/vizion/security/fonts/fa-solid-900.svg]
[templates.iqonic.design/vizion/security/css/owl.video.play.html]
[templates.iqonic.design/vizion/security/fonts/ionicons28b5.svg]
[templates.iqonic.design/vizion/security/fonts/Flaticon.svg]
