[templates.iqonic.design/vizion/computer-vizion/index.html]
[backblue.gif]
[fade.gif]
[index.html]
[templates.iqonic.design/vizion/computer-vizion/images/favicon.ico]
[templates.iqonic.design/vizion/computer-vizion/css/bootstrap.min.css]
[templates.iqonic.design/vizion/computer-vizion/css/typography.css]
[templates.iqonic.design/vizion/computer-vizion/css/style.css]
[templates.iqonic.design/vizion/computer-vizion/css/responsive.css]
[templates.iqonic.design/vizion/computer-vizion/images/loader.gif]
[templates.iqonic.design/vizion/computer-vizion/images/logo.png]
[templates.iqonic.design/vizion/computer-vizion/about-us.html]
[templates.iqonic.design/vizion/computer-vizion/solutions.html]
[templates.iqonic.design/vizion/computer-vizion/technology.html]
[templates.iqonic.design/vizion/computer-vizion/contact-us.html]
[templates.iqonic.design/vizion/computer-vizion/blog.html]
[templates.iqonic.design/vizion/computer-vizion/blog-details-left-sidebar.html]
[templates.iqonic.design/vizion/computer-vizion/blog-details-right-sidebar.html]
[templates.iqonic.design/vizion/computer-vizion/404-error.html]
[templates.iqonic.design/vizion/computer-vizion/comingsoon.html]
[templates.iqonic.design/vizion/computer-vizion/privacy-policy.html]
[templates.iqonic.design/vizion/computer-vizion/login.html]
[templates.iqonic.design/vizion/computer-vizion/register.html]
[templates.iqonic.design/vizion/computer-vizion/images/banner/02.png]
[templates.iqonic.design/vizion/computer-vizion/images/banner/01.jpg]
[templates.iqonic.design/vizion/computer-vizion/images/about/05.jpg]
[templates.iqonic.design/vizion/computer-vizion/images/about/04.jpg]
[templates.iqonic.design/vizion/computer-vizion/images/about/06.jpg]
[templates.iqonic.design/vizion/computer-vizion/images/about/07.jpg]
[templates.iqonic.design/vizion/computer-vizion/images/about/02.png]
[templates.iqonic.design/vizion/computer-vizion/images/about/01.jpg]
[templates.iqonic.design/vizion/computer-vizion/images/features/02.jpg]
[templates.iqonic.design/vizion/computer-vizion/images/features/03.jpg]
[templates.iqonic.design/vizion/computer-vizion/images/features/04.jpg]
[templates.iqonic.design/vizion/computer-vizion/images/features/05.jpg]
[templates.iqonic.design/vizion/computer-vizion/images/features/06.jpg]
[templates.iqonic.design/vizion/computer-vizion/images/features/07.jpg]
[templates.iqonic.design/vizion/computer-vizion/images/clients/01.jpg]
[templates.iqonic.design/vizion/computer-vizion/images/clients/02.jpg]
[templates.iqonic.design/vizion/computer-vizion/images/clients/03.jpg]
[templates.iqonic.design/vizion/computer-vizion/images/clients/04.jpg]
[templates.iqonic.design/vizion/computer-vizion/images/clients/gray/01.png]
[templates.iqonic.design/vizion/computer-vizion/images/clients/gray/02.png]
[templates.iqonic.design/vizion/computer-vizion/images/clients/gray/03.png]
[templates.iqonic.design/vizion/computer-vizion/images/clients/gray/04.png]
[templates.iqonic.design/vizion/computer-vizion/images/clients/gray/05.png]
[templates.iqonic.design/vizion/computer-vizion/images/clients/gray/06.png]
[templates.iqonic.design/vizion/computer-vizion/images/clients/gray/07.png]
[templates.iqonic.design/vizion/computer-vizion/images/clients/gray/08.png]
[templates.iqonic.design/vizion/computer-vizion/images/clients/gray/09.png]
[templates.iqonic.design/vizion/computer-vizion/images/about/02.jpg]
[templates.iqonic.design/vizion/computer-vizion/images/blog/clients/01.jpg]
[templates.iqonic.design/vizion/computer-vizion/images/blog/01.jpg]
[templates.iqonic.design/vizion/computer-vizion/js/jquery-3.3.1.min.js]
[templates.iqonic.design/vizion/computer-vizion/js/popper.min.js]
[templates.iqonic.design/vizion/computer-vizion/js/bootstrap.min.js]
[templates.iqonic.design/vizion/computer-vizion/js/owl.carousel.min.js]
[templates.iqonic.design/vizion/computer-vizion/js/slick.min.js]
[templates.iqonic.design/vizion/computer-vizion/js/jquery.magnific-popup.min.js]
[templates.iqonic.design/vizion/computer-vizion/js/countdown.js]
[templates.iqonic.design/vizion/computer-vizion/js/swiper.min.js]
[templates.iqonic.design/vizion/computer-vizion/js/wow.min.js]
[templates.iqonic.design/vizion/computer-vizion/index.html]
[templates.iqonic.design/vizion/computer-vizion/js/custom.js]
[templates.iqonic.design/vizion/computer-vizion/css/bootstrap.min.css]
[templates.iqonic.design/vizion/computer-vizion/css/fontawesome-all.min.css]
[templates.iqonic.design/vizion/computer-vizion/css/owl.carousel.css]
[templates.iqonic.design/vizion/computer-vizion/css/ionicons.min.css]
[templates.iqonic.design/vizion/computer-vizion/css/magnific-popup.css]
[templates.iqonic.design/vizion/computer-vizion/css/wow.css]
[templates.iqonic.design/vizion/computer-vizion/css/swiper.min.css]
[templates.iqonic.design/vizion/computer-vizion/css/slick-theme.css]
[templates.iqonic.design/vizion/computer-vizion/css/slick.css]
[templates.iqonic.design/vizion/computer-vizion/css/typography.css]
[templates.iqonic.design/vizion/computer-vizion/images/banner/02.jpg]
[templates.iqonic.design/vizion/computer-vizion/css/style.css]
[templates.iqonic.design/vizion/computer-vizion/css/responsive.css]
[templates.iqonic.design/vizion/computer-vizion/images/about/10.jpg]
[templates.iqonic.design/vizion/computer-vizion/images/about/11.jpg]
[templates.iqonic.design/vizion/computer-vizion/images/event/small/01.jpg]
[templates.iqonic.design/vizion/computer-vizion/images/event/small/02.jpg]
[templates.iqonic.design/vizion/computer-vizion/images/event/small/03.jpg]
[templates.iqonic.design/vizion/computer-vizion/images/event/small/04.jpg]
[templates.iqonic.design/vizion/computer-vizion/images/team/01.jpg]
[templates.iqonic.design/vizion/computer-vizion/images/team/02.jpg]
[templates.iqonic.design/vizion/computer-vizion/images/team/03.jpg]
[templates.iqonic.design/vizion/computer-vizion/images/team/04.jpg]
[templates.iqonic.design/vizion/computer-vizion/images/partners/01.png]
[templates.iqonic.design/vizion/computer-vizion/images/partners/02.png]
[templates.iqonic.design/vizion/computer-vizion/images/partners/03.png]
[templates.iqonic.design/vizion/computer-vizion/images/partners/04.png]
[templates.iqonic.design/vizion/computer-vizion/images/partners/05.png]
[templates.iqonic.design/vizion/computer-vizion/images/partners/06.png]
[templates.iqonic.design/vizion/computer-vizion/images/partners/01.jpg]
[templates.iqonic.design/vizion/computer-vizion/images/partners/02.jpg]
[templates.iqonic.design/vizion/computer-vizion/images/partners/03.jpg]
[templates.iqonic.design/vizion/computer-vizion/images/partners/04.jpg]
[templates.iqonic.design/vizion/computer-vizion/images/partners/05.jpg]
[templates.iqonic.design/vizion/computer-vizion/images/partners/06.jpg]
[templates.iqonic.design/vizion/computer-vizion/about-us.html]
[templates.iqonic.design/vizion/computer-vizion/images/about/03.jpg]
[templates.iqonic.design/vizion/computer-vizion/images/about/03.png]
[templates.iqonic.design/vizion/computer-vizion/solutions.html]
[templates.iqonic.design/vizion/computer-vizion/technology.html]
[templates.iqonic.design/vizion/computer-vizion/contact-us.html]
[templates.iqonic.design/vizion/computer-vizion/images/blog/blog-img1.jpg]
[templates.iqonic.design/vizion/computer-vizion/images/blog/blog-img2.jpg]
[templates.iqonic.design/vizion/computer-vizion/images/blog/blog-img3.jpg]
[templates.iqonic.design/vizion/computer-vizion/images/blog/blog-img4.jpg]
[templates.iqonic.design/vizion/computer-vizion/images/blog/blog-img5.jpg]
[templates.iqonic.design/vizion/computer-vizion/images/blog/blog-img6.jpg]
[templates.iqonic.design/vizion/computer-vizion/blog.html]
[templates.iqonic.design/vizion/computer-vizion/images/blog/clients/02.jpg]
[templates.iqonic.design/vizion/computer-vizion/blog-details-left-sidebar.html]
[templates.iqonic.design/vizion/computer-vizion/blog-details-right-sidebar.html]
[templates.iqonic.design/vizion/computer-vizion/images/error-404.png]
[templates.iqonic.design/vizion/computer-vizion/404-error.html]
[templates.iqonic.design/vizion/computer-vizion/comingsoon.html]
[templates.iqonic.design/vizion/computer-vizion/privacy-policy.html]
[templates.iqonic.design/vizion/computer-vizion/login.html]
[templates.iqonic.design/vizion/computer-vizion/register.html]
[templates.iqonic.design/vizion/computer-vizion/video/01.html]
[templates.iqonic.design/vizion/computer-vizion/images/about/08.html]
[templates.iqonic.design/vizion/computer-vizion/fonts/fa-brands-400.eot]
[templates.iqonic.design/vizion/computer-vizion/fonts/fa-brands-400d41d.eot]
[templates.iqonic.design/vizion/computer-vizion/fonts/fa-brands-400.woff2]
[templates.iqonic.design/vizion/computer-vizion/fonts/fa-brands-400.woff]
[templates.iqonic.design/vizion/computer-vizion/fonts/fa-brands-400.ttf]
[templates.iqonic.design/vizion/computer-vizion/fonts/fa-regular-400.eot]
[templates.iqonic.design/vizion/computer-vizion/fonts/fa-regular-400d41d.eot]
[templates.iqonic.design/vizion/computer-vizion/fonts/fa-regular-400.woff2]
[templates.iqonic.design/vizion/computer-vizion/fonts/fa-regular-400.woff]
[templates.iqonic.design/vizion/computer-vizion/fonts/fa-regular-400.ttf]
[templates.iqonic.design/vizion/computer-vizion/fonts/fa-solid-900.eot]
[templates.iqonic.design/vizion/computer-vizion/fonts/fa-solid-900d41d.eot]
[templates.iqonic.design/vizion/computer-vizion/fonts/fa-solid-900.woff2]
[templates.iqonic.design/vizion/computer-vizion/fonts/fa-solid-900.woff]
[templates.iqonic.design/vizion/computer-vizion/fonts/fa-solid-900.ttf]
[templates.iqonic.design/vizion/computer-vizion/css/fontawesome-all.min.css]
[templates.iqonic.design/vizion/computer-vizion/css/owl.carousel.css]
[templates.iqonic.design/vizion/computer-vizion/fonts/ionicons28b5.eot]
[templates.iqonic.design/vizion/computer-vizion/fonts/ionicons28b5.ttf]
[templates.iqonic.design/vizion/computer-vizion/fonts/ionicons28b5.woff]
[templates.iqonic.design/vizion/computer-vizion/css/ionicons.min.css]
[templates.iqonic.design/vizion/computer-vizion/css/magnific-popup.css]
[templates.iqonic.design/vizion/computer-vizion/css/wow.css]
[templates.iqonic.design/vizion/computer-vizion/css/swiper.min.css]
[templates.iqonic.design/vizion/computer-vizion/css/slick-theme.css]
[templates.iqonic.design/vizion/computer-vizion/css/slick.css]
[templates.iqonic.design/vizion/computer-vizion/images/blog/01.html]
[templates.iqonic.design/vizion/computer-vizion/js/main.html]
[templates.iqonic.design/vizion/computer-vizion/js/retina.min.html]
[templates.iqonic.design/vizion/computer-vizion/fonts/fa-brands-400.svg]
[templates.iqonic.design/vizion/computer-vizion/fonts/fa-regular-400.svg]
[templates.iqonic.design/vizion/computer-vizion/fonts/fa-solid-900.svg]
[templates.iqonic.design/vizion/computer-vizion/css/owl.video.play.html]
[templates.iqonic.design/vizion/computer-vizion/fonts/ionicons28b5.svg]
[templates.iqonic.design/vizion/computer-vizion/css/ajax-loader.html]
[templates.iqonic.design/vizion/computer-vizion/css/fonts/slick.html]
[templates.iqonic.design/vizion/computer-vizion/css/fonts/slickd41d.html]
[templates.iqonic.design/vizion/computer-vizion/css/fonts/slick-2.html]
[templates.iqonic.design/vizion/computer-vizion/css/fonts/slick-3.html]
[templates.iqonic.design/vizion/computer-vizion/css/fonts/slick-4.html]
