[templates.iqonic.design/vizion/digital-marketing/index.html]
[backblue.gif]
[fade.gif]
[index.html]
[templates.iqonic.design/vizion/digital-marketing/images/favicon.ico]
[templates.iqonic.design/vizion/digital-marketing/css/bootstrap.min.css]
[templates.iqonic.design/vizion/digital-marketing/css/magnific-popup.css]
[templates.iqonic.design/vizion/digital-marketing/css/typography.css]
[templates.iqonic.design/vizion/digital-marketing/css/style.css]
[templates.iqonic.design/vizion/digital-marketing/css/responsive.css]
[templates.iqonic.design/vizion/digital-marketing/images/loader.gif]
[templates.iqonic.design/vizion/digital-marketing/images/logo.png]
[templates.iqonic.design/vizion/digital-marketing/about-us.html]
[templates.iqonic.design/vizion/digital-marketing/services.html]
[templates.iqonic.design/vizion/digital-marketing/contact.html]
[templates.iqonic.design/vizion/digital-marketing/login.html]
[templates.iqonic.design/vizion/digital-marketing/register.html]
[templates.iqonic.design/vizion/digital-marketing/blog-details.html]
[templates.iqonic.design/vizion/digital-marketing/pricing.html]
[templates.iqonic.design/vizion/digital-marketing/404-error.html]
[templates.iqonic.design/vizion/digital-marketing/comingsoon.html]
[templates.iqonic.design/vizion/digital-marketing/video/01.mp4]
[templates.iqonic.design/vizion/digital-marketing/images/banner/03.png]
[templates.iqonic.design/vizion/digital-marketing/images/feature/01.png]
[templates.iqonic.design/vizion/digital-marketing/images/feature/02.png]
[templates.iqonic.design/vizion/digital-marketing/images/feature/03.png]
[templates.iqonic.design/vizion/digital-marketing/images/feature/04.png]
[templates.iqonic.design/vizion/digital-marketing/images/feature/05.png]
[templates.iqonic.design/vizion/digital-marketing/images/services/01.png]
[templates.iqonic.design/vizion/digital-marketing/images/services/02.png]
[templates.iqonic.design/vizion/digital-marketing/images/services/03.png]
[templates.iqonic.design/vizion/digital-marketing/images/services/04.png]
[templates.iqonic.design/vizion/digital-marketing/images/services/05.png]
[templates.iqonic.design/vizion/digital-marketing/images/services/06.png]
[templates.iqonic.design/vizion/digital-marketing/images/13.jpg]
[templates.iqonic.design/vizion/digital-marketing/images/14.jpg]
[templates.iqonic.design/vizion/digital-marketing/images/15.jpg]
[templates.iqonic.design/vizion/digital-marketing/images/clients/clients-img1.png]
[templates.iqonic.design/vizion/digital-marketing/images/clients/clients-img2.png]
[templates.iqonic.design/vizion/digital-marketing/images/clients/clients-img3.png]
[templates.iqonic.design/vizion/digital-marketing/images/clients/clients-img4.png]
[templates.iqonic.design/vizion/digital-marketing/images/clients/clients-img5.png]
[templates.iqonic.design/vizion/digital-marketing/images/clients/clients-img6.png]
[templates.iqonic.design/vizion/digital-marketing/images/logo-white.png]
[templates.iqonic.design/vizion/digital-marketing/js/jquery-3.3.1.min.js]
[templates.iqonic.design/vizion/digital-marketing/js/popper.min.js]
[templates.iqonic.design/vizion/digital-marketing/js/bootstrap.min.js]
[templates.iqonic.design/vizion/digital-marketing/js/owl.carousel.min.js]
[templates.iqonic.design/vizion/digital-marketing/js/main.js]
[templates.iqonic.design/vizion/digital-marketing/index.html]
[templates.iqonic.design/vizion/digital-marketing/js/custom.js]
[templates.iqonic.design/vizion/digital-marketing/css/bootstrap.min.css]
[templates.iqonic.design/vizion/digital-marketing/css/magnific-popup.css]
[templates.iqonic.design/vizion/digital-marketing/css/all.min.css]
[templates.iqonic.design/vizion/digital-marketing/css/owl.carousel.min.css]
[templates.iqonic.design/vizion/digital-marketing/css/ionicons.min.css]
[templates.iqonic.design/vizion/digital-marketing/css/typography.css]
[templates.iqonic.design/vizion/digital-marketing/css/wow.css]
[templates.iqonic.design/vizion/digital-marketing/images/banner/shap.png]
[templates.iqonic.design/vizion/digital-marketing/images/banner/banner-shap.png]
[templates.iqonic.design/vizion/digital-marketing/images/banner/conection-shap.png]
[templates.iqonic.design/vizion/digital-marketing/images/banner/finding-shap.png]
[templates.iqonic.design/vizion/digital-marketing/images/banner/tricks-shap.png]
[templates.iqonic.design/vizion/digital-marketing/images/banner/service-shap.png]
[templates.iqonic.design/vizion/digital-marketing/images/banner/footer-shap.png]
[templates.iqonic.design/vizion/digital-marketing/css/style.css]
[templates.iqonic.design/vizion/digital-marketing/css/responsive.css]
[templates.iqonic.design/vizion/digital-marketing/images/about/10.png]
[templates.iqonic.design/vizion/digital-marketing/images/about/09.png]
[templates.iqonic.design/vizion/digital-marketing/images/16.jpg]
[templates.iqonic.design/vizion/digital-marketing/js/circle.js]
[templates.iqonic.design/vizion/digital-marketing/js/vizion-circle.js]
[templates.iqonic.design/vizion/digital-marketing/about-us.html]
[templates.iqonic.design/vizion/digital-marketing/images/about/07.png]
[templates.iqonic.design/vizion/digital-marketing/services.html]
[templates.iqonic.design/vizion/digital-marketing/images/services/07.png]
[templates.iqonic.design/vizion/digital-marketing/contact.html]
[templates.iqonic.design/vizion/digital-marketing/login.html]
[templates.iqonic.design/vizion/digital-marketing/register.html]
[templates.iqonic.design/vizion/digital-marketing/images/blog/blog-detail/b1.jpg]
[templates.iqonic.design/vizion/digital-marketing/images/blog/blog-img1.jpg]
[templates.iqonic.design/vizion/digital-marketing/images/blog/blog-img2.jpg]
[templates.iqonic.design/vizion/digital-marketing/images/blog/blog-img3.jpg]
[templates.iqonic.design/vizion/digital-marketing/images/testomonial/01.jpg]
[templates.iqonic.design/vizion/digital-marketing/images/testomonial/02.jpg]
[templates.iqonic.design/vizion/digital-marketing/images/testomonial/03.jpg]
[templates.iqonic.design/vizion/digital-marketing/images/testomonial/04.jpg]
[templates.iqonic.design/vizion/digital-marketing/images/blog/blog-detail/01.jpg]
[templates.iqonic.design/vizion/digital-marketing/images/blog/blog-detail/02.jpg]
[templates.iqonic.design/vizion/digital-marketing/images/blog/blog-detail/03.jpg]
[templates.iqonic.design/vizion/digital-marketing/images/blog/blog-detail/04.jpg]
[templates.iqonic.design/vizion/digital-marketing/images/blog/blog-detail/05.jpg]
[templates.iqonic.design/vizion/digital-marketing/blog-details.html]
[templates.iqonic.design/vizion/digital-marketing/pricing.html]
[templates.iqonic.design/vizion/digital-marketing/images/error-404.png]
[templates.iqonic.design/vizion/digital-marketing/404-error.html]
[templates.iqonic.design/vizion/digital-marketing/comingsoon.html]
[templates.iqonic.design/vizion/digital-marketing/fonts/fa-brands-400.eot]
[templates.iqonic.design/vizion/digital-marketing/fonts/fa-brands-400d41d.eot]
[templates.iqonic.design/vizion/digital-marketing/fonts/fa-brands-400.woff2]
[templates.iqonic.design/vizion/digital-marketing/fonts/fa-brands-400.woff]
[templates.iqonic.design/vizion/digital-marketing/fonts/fa-brands-400.ttf]
[templates.iqonic.design/vizion/digital-marketing/fonts/fa-regular-400.eot]
[templates.iqonic.design/vizion/digital-marketing/fonts/fa-regular-400d41d.eot]
[templates.iqonic.design/vizion/digital-marketing/fonts/fa-regular-400.woff2]
[templates.iqonic.design/vizion/digital-marketing/fonts/fa-regular-400.woff]
[templates.iqonic.design/vizion/digital-marketing/fonts/fa-regular-400.ttf]
[templates.iqonic.design/vizion/digital-marketing/fonts/fa-solid-900.eot]
[templates.iqonic.design/vizion/digital-marketing/fonts/fa-solid-900d41d.eot]
[templates.iqonic.design/vizion/digital-marketing/fonts/fa-solid-900.woff2]
[templates.iqonic.design/vizion/digital-marketing/fonts/fa-solid-900.woff]
[templates.iqonic.design/vizion/digital-marketing/fonts/fa-solid-900.ttf]
[templates.iqonic.design/vizion/digital-marketing/css/all.min.css]
[templates.iqonic.design/vizion/digital-marketing/css/owl.carousel.min.css]
[templates.iqonic.design/vizion/digital-marketing/fonts/ionicons28b5.eot]
[templates.iqonic.design/vizion/digital-marketing/fonts/ionicons28b5.ttf]
[templates.iqonic.design/vizion/digital-marketing/fonts/ionicons28b5.woff]
[templates.iqonic.design/vizion/digital-marketing/css/ionicons.min.css]
[templates.iqonic.design/vizion/digital-marketing/css/wow.css]
[templates.iqonic.design/vizion/digital-marketing/fonts/fa-brands-400.svg]
[templates.iqonic.design/vizion/digital-marketing/fonts/fa-regular-400.svg]
[templates.iqonic.design/vizion/digital-marketing/fonts/fa-solid-900.svg]
[templates.iqonic.design/vizion/digital-marketing/css/owl.video.play.html]
[templates.iqonic.design/vizion/digital-marketing/fonts/ionicons28b5.svg]
